Microchip MPLAB XC8 Compiler V1.42 ()

Linker command line:

-W-3 --edf=C:\Program Files (x86)\Microchip\xc8\v1.42\dat\en_msgs.txt -cs \
  -h+dist/default/production\LM49270-PIC.X.production.sym \
  --cmf=dist/default/production\LM49270-PIC.X.production.cmf -z -Q16F1503 \
  -oC:\Users\jsnow\AppData\Local\Temp\s2r0.2 \
  -Mdist/default/production/LM49270-PIC.X.production.map -E1 -ver=XC8 \
  -ASTACK=0201Fh-0206fh -pstack=STACK -ACODE=00h-07FFh -ASTRCODE=00h-07FFh \
  -ASTRING=00h-0FFhx8 -ACONST=00h-0FFhx8 -AENTRY=00h-0FFhx8 \
  -ACOMMON=070h-07Fh -ABANK0=020h-06Fh -ABANK1=0A0h-0BFh \
  -ABIGRAM=02000h-0206Fh -ARAM=020h-06Fh,0A0h-0BFh \
  -AABS1=020h-07Fh,0A0h-0BFh -ASFR0=00h-01Fh -ASFR1=080h-09Fh \
  -ASFR2=0100h-016Fh -ASFR3=0180h-01EFh -ASFR4=0200h-026Fh \
  -ASFR5=0280h-02EFh -ASFR6=0300h-036Fh -ASFR7=0380h-03EFh \
  -ASFR8=0400h-046Fh -ASFR9=0480h-04EFh -ASFR10=0500h-056Fh \
  -ASFR11=0580h-05EFh -ASFR12=0600h-066Fh -ASFR13=0680h-06EFh \
  -ASFR14=0700h-076Fh -ASFR15=0780h-07EFh -ASFR16=0800h-086Fh \
  -ASFR17=0880h-08EFh -ASFR18=0900h-096Fh -ASFR19=0980h-09EFh \
  -ASFR20=0A00h-0A6Fh -ASFR21=0A80h-0AEFh -ASFR22=0B00h-0B6Fh \
  -ASFR23=0B80h-0BEFh -ASFR24=0C00h-0C6Fh -ASFR25=0C80h-0CEFh \
  -ASFR26=0D00h-0D6Fh -ASFR27=0D80h-0DEFh -ASFR28=0E00h-0E6Fh \
  -ASFR29=0E80h-0EEFh -ASFR30=0F00h-0F6Fh -ASFR31=0F80h-0FEFh \
  -preset_vec=00h,intentry=04h,init,end_init -ppowerup=CODE -pcinit=CODE \
  -pfunctab=CODE -ACONFIG=08007h-08008h -pconfig=CONFIG -DCONFIG=2 \
  -AIDLOC=08000h-08003h -pidloc=IDLOC -DIDLOC=2 -DCODE=2 -DSTRCODE=2 \
  -DSTRING=2 -DCONST=2 -DENTRY=2 -k \
  C:\Users\jsnow\AppData\Local\Temp\s2r0.obj \
  dist/default/production\LM49270-PIC.X.production.obj 

Object code version is 3.11

Machine type is 16F1503



                Name                               Link     Load   Length Selector   Space Scale
C:\Users\jsnow\AppData\Local\Temp\s2r0.obj
                end_init                             B1       B1        1        8       0
                reset_vec                             0        0        1        0       0
                config                             8007     8007        2    1000E       0
dist/default/production\LM49270-PIC.X.production.obj
                cinit                                B2       B2        A        8       0
                intentry                              4        4       AD        8       0
                text21                              179      179       30        8       0
                text20                              147      147       32        8       0
                text19                              2DB      2DB        8        8       0
                text18                              2F5      2F5        4        8       0
                text17                              2F1      2F1        4        8       0
                text16                              2E3      2E3        6        8       0
                text15                              2C1      2C1        A        8       0
                text14                              1D8      1D8       2F        8       0
                text12                               BC       BC       53        8       0
                text11                              207      207       2D        8       0
                text10                              234      234       25        8       0
                text9                               2D3      2D3        8        8       0
                text8                               2ED      2ED        4        8       0
                text7                               2E9      2E9        4        8       0
                text6                               2CB      2CB        8        8       0
                text5                               2B5      2B5        C        8       0
                text4                               1A9      1A9       2F        8       0
                text3                               10F      10F       38        8       0
                text2                               27B      27B       20        8       0
                text1                               29B      29B       1A        8       0
                maintext                            259      259       22        8       0
                cstackBANK0                          20       20       17       20       1
                cstackCOMMON                         70       70        9       70       1
                bssBANK0                             37       37        7       20       1
                nvBANK0                              3E       3E        1       20       1

TOTAL           Name                               Link     Load   Length     Space
        CLASS   STACK          

        CLASS   CODE           
                end_init                             B1       B1        1         0
                cinit                                B2       B2        A         0
                intentry                              4        4       AD         0
                reset_vec                             0        0        1         0
                text21                              179      179       30         0
                text20                              147      147       32         0
                text19                              2DB      2DB        8         0
                text18                              2F5      2F5        4         0
                text17                              2F1      2F1        4         0
                text16                              2E3      2E3        6         0
                text15                              2C1      2C1        A         0
                text14                              1D8      1D8       2F         0
                text12                               BC       BC       53         0
                text11                              207      207       2D         0
                text10                              234      234       25         0
                text9                               2D3      2D3        8         0
                text8                               2ED      2ED        4         0
                text7                               2E9      2E9        4         0
                text6                               2CB      2CB        8         0
                text5                               2B5      2B5        C         0
                text4                               1A9      1A9       2F         0
                text3                               10F      10F       38         0
                text2                               27B      27B       20         0
                text1                               29B      29B       1A         0
                maintext                            259      259       22         0

        CLASS   STRCODE        

        CLASS   STRING         

        CLASS   CONST          

        CLASS   ENTRY          

        CLASS   COMMON         
                cstackCOMMON                         70       70        9         1

        CLASS   BANK0          
                cstackBANK0                          20       20       17         1
                bssBANK0                             37       37        7         1
                nvBANK0                              3E       3E        1         1

        CLASS   BANK1          

        CLASS   BIGRAM         

        CLASS   RAM            

        CLASS   ABS1           
                abs_s1                               7E       7E        2         1

        CLASS   SFR0           

        CLASS   SFR1           

        CLASS   SFR2           

        CLASS   SFR3           

        CLASS   SFR4           

        CLASS   SFR5           

        CLASS   SFR6           

        CLASS   SFR7           

        CLASS   SFR8           

        CLASS   SFR9           

        CLASS   SFR10          

        CLASS   SFR11          

        CLASS   SFR12          

        CLASS   SFR13          

        CLASS   SFR14          

        CLASS   SFR15          

        CLASS   SFR16          

        CLASS   SFR17          

        CLASS   SFR18          

        CLASS   SFR19          

        CLASS   SFR20          

        CLASS   SFR21          

        CLASS   SFR22          

        CLASS   SFR23          

        CLASS   SFR24          

        CLASS   SFR25          

        CLASS   SFR26          

        CLASS   SFR27          

        CLASS   SFR28          

        CLASS   SFR29          

        CLASS   SFR30          

        CLASS   SFR31          

        CLASS   CONFIG         
                config                             8007     8007        2         0

        CLASS   IDLOC          

        CLASS   BANK31         

        CLASS   BANK30         

        CLASS   BANK29         

        CLASS   BANK28         

        CLASS   BANK27         

        CLASS   BANK26         

        CLASS   BANK25         

        CLASS   BANK24         

        CLASS   BANK23         

        CLASS   BANK22         

        CLASS   BANK21         

        CLASS   BANK20         

        CLASS   BANK19         

        CLASS   BANK18         

        CLASS   BANK17         

        CLASS   BANK16         

        CLASS   BANK15         

        CLASS   BANK14         

        CLASS   BANK13         

        CLASS   BANK12         

        CLASS   BANK11         

        CLASS   BANK10         

        CLASS   BANK9          

        CLASS   BANK8          

        CLASS   BANK7          

        CLASS   BANK6          

        CLASS   BANK5          

        CLASS   BANK4          

        CLASS   BANK3          

        CLASS   BANK2          

        CLASS   EEDATA         



SEGMENTS        Name                           Load    Length   Top    Selector   Space  Class     Delta

                reset_vec                      000000  000001  000001         0       0  CODE        2
                intentry                       000004  0002F5  0002F9         8       0  CODE        2
                cstackBANK0                    000020  00001F  00003F        20       1  BANK0       1
                cstackCOMMON                   000070  000009  000079        70       1  COMMON      1
                config                         008007  000002  008009     1000E       0  CONFIG      2


UNUSED ADDRESS RANGES

        Name                Unused          Largest block    Delta
        BANK0            0003F-0006F              31           1
        BANK1            000A0-000BF              20           1
        BIGRAM           02000-0206F              70           1
        CODE             00001-00003               3           2
                         002F9-007FF             507
        COMMON           00079-0007D               5           1
        CONST            00001-00003               3           2
                         002F9-007FF             100
        ENTRY            00001-00003               3           2
                         002F9-007FF             100
        IDLOC            08000-08003               4           2
        RAM              0003F-0006F              31           1
                         000A0-000BF              20
        SFR0             00000-0001F              20           1
        SFR1             00080-0009F              20           1
        SFR10            00500-0056F              70           1
        SFR11            00580-005EF              70           1
        SFR12            00600-0066F              70           1
        SFR13            00680-006EF              70           1
        SFR14            00700-0076F              70           1
        SFR15            00780-007EF              70           1
        SFR16            00800-0086F              70           1
        SFR17            00880-008EF              70           1
        SFR18            00900-0096F              70           1
        SFR19            00980-009EF              70           1
        SFR2             00100-0016F              70           1
        SFR20            00A00-00A6F              70           1
        SFR21            00A80-00AEF              70           1
        SFR22            00B00-00B6F              70           1
        SFR23            00B80-00BEF              70           1
        SFR24            00C00-00C6F              70           1
        SFR25            00C80-00CEF              70           1
        SFR26            00D00-00D6F              70           1
        SFR27            00D80-00DEF              70           1
        SFR28            00E00-00E6F              70           1
        SFR29            00E80-00EEF              70           1
        SFR3             00180-001EF              70           1
        SFR30            00F00-00F6F              70           1
        SFR31            00F80-00FEF              70           1
        SFR4             00200-0026F              70           1
        SFR5             00280-002EF              70           1
        SFR6             00300-0036F              70           1
        SFR7             00380-003EF              70           1
        SFR8             00400-0046F              70           1
        SFR9             00480-004EF              70           1
        STACK            0201F-0206F              51           1
        STRCODE          00001-00003               3           2
                         002F9-007FF             507
        STRING           00001-00003               3           2
                         002F9-007FF             100

                                  Symbol Table

?_Read_ADC                   cstackBANK0  00020
?___lldiv                    cstackBANK0  00020
Check_ADC@ADC_val            cstackBANK0  00028
I2C_Master_Init@clk          cstackBANK0  0002E
I2C_Master_Write@data        cstackBANK0  00020
ISR@count                    cstackCOMMON 00075
ISR@count_97                 cstackCOMMON 00077
LM_Write@data                cstackBANK0  00021
LM_Write@reg                 cstackBANK0  00022
Read_ADC@channel             cstackBANK0  00025
Read_ADC@result              cstackBANK0  00023
_ADCON0                      (abs)        0009D
_ADCON1                      (abs)        0009E
_ADRESH                      (abs)        0009C
_ADRESL                      (abs)        0009B
_ANSELA                      (abs)        0018C
_ANSELC                      (abs)        0018E
_Check_ADC                   text3        0010F
_GO_nDONE                    (abs)        004E9
_HP_vol                      bssBANK0     00037
_I2C_Master_Init             text11       00207
_I2C_Master_Start            text8        002ED
_I2C_Master_Stop             text7        002E9
_I2C_Master_Wait             text9        002D3
_I2C_Master_Write            text6        002CB
_INTCON                      (abs)        0000B
_IOCAF                       (abs)        00393
_IOCAF4                      (abs)        01C9C
_IOCAF5                      (abs)        01C9D
_IOCAN                       (abs)        00392
_IOCAP                       (abs)        00391
_ISR                         intentry     00004
_LM_Init                     text2        0027B
_LM_Write                    text5        002B5
_OSCCON                      (abs)        00099
_PIC_Init                    text1        0029B
_PSA                         (abs)        004AB
_PWR_state                   bssBANK0     0003D
_RA4                         (abs)        00064
_RA5                         (abs)        00065
_RC5                         (abs)        00075
_Read_ADC                    text10       00234
_SP_vol                      bssBANK0     00039
_SSP1ADD                     (abs)        00212
_SSP1BUF                     (abs)        00211
_SSP1CON1                    (abs)        00215
_SSP1CON2                    (abs)        00216
_SSP1CON2bits                (abs)        00216
_SSP1STAT                    (abs)        00214
_Set_Volume                  text4        001A9
_TMR0                        (abs)        00015
_TMR0CS                      (abs)        004AD
_TMR0IF                      (abs)        0005A
_TRISA                       (abs)        0008C
_TRISC                       (abs)        0008E
_Volume_Down                 text21       00179
_Volume_Up                   text20       00147
__CFG_BOREN$ON               (abs)        00000
__CFG_BORV$LO                (abs)        00000
__CFG_CLKOUTEN$OFF           (abs)        00000
__CFG_CP$OFF                 (abs)        00000
__CFG_FOSC$INTOSC            (abs)        00000
__CFG_LPBOR$OFF              (abs)        00000
__CFG_LVP$ON                 (abs)        00000
__CFG_MCLRE$ON               (abs)        00000
__CFG_PWRTE$OFF              (abs)        00000
__CFG_STVREN$ON              (abs)        00000
__CFG_WDTE$OFF               (abs)        00000
__CFG_WRT$OFF                (abs)        00000
__Habs1                      abs1         00000
__Hbank0                     bank0        00000
__Hbank1                     bank1        00000
__Hbank10                    bank10       00000
__Hbank11                    bank11       00000
__Hbank12                    bank12       00000
__Hbank13                    bank13       00000
__Hbank14                    bank14       00000
__Hbank15                    bank15       00000
__Hbank16                    bank16       00000
__Hbank17                    bank17       00000
__Hbank18                    bank18       00000
__Hbank19                    bank19       00000
__Hbank2                     bank2        00000
__Hbank20                    bank20       00000
__Hbank21                    bank21       00000
__Hbank22                    bank22       00000
__Hbank23                    bank23       00000
__Hbank24                    bank24       00000
__Hbank25                    bank25       00000
__Hbank26                    bank26       00000
__Hbank27                    bank27       00000
__Hbank28                    bank28       00000
__Hbank29                    bank29       00000
__Hbank3                     bank3        00000
__Hbank30                    bank30       00000
__Hbank31                    bank31       00000
__Hbank4                     bank4        00000
__Hbank5                     bank5        00000
__Hbank6                     bank6        00000
__Hbank7                     bank7        00000
__Hbank8                     bank8        00000
__Hbank9                     bank9        00000
__Hbigram                    bigram       00000
__HbssBANK0                  bssBANK0     00000
__Hcinit                     cinit        000BC
__Hclrtext                   clrtext      00000
__Hcode                      code         00000
__Hcommon                    common       00000
__Hconfig                    config       08009
__HcstackBANK0               cstackBANK0  00000
__HcstackCOMMON              cstackCOMMON 00000
__Heeprom_data               eeprom_data  00000
__Hend_init                  end_init     000B2
__Hfunctab                   functab      00000
__Hidloc                     idloc        00000
__Hinit                      init         000B1
__Hintentry                  intentry     000B1
__Hmaintext                  maintext     00000
__HnvBANK0                   nvBANK0      00000
__Hpowerup                   powerup      00000
__Hram                       ram          00000
__Hreset_vec                 reset_vec    00001
__Hsfr0                      sfr0         00000
__Hsfr1                      sfr1         00000
__Hsfr10                     sfr10        00000
__Hsfr11                     sfr11        00000
__Hsfr12                     sfr12        00000
__Hsfr13                     sfr13        00000
__Hsfr14                     sfr14        00000
__Hsfr15                     sfr15        00000
__Hsfr16                     sfr16        00000
__Hsfr17                     sfr17        00000
__Hsfr18                     sfr18        00000
__Hsfr19                     sfr19        00000
__Hsfr2                      sfr2         00000
__Hsfr20                     sfr20        00000
__Hsfr21                     sfr21        00000
__Hsfr22                     sfr22        00000
__Hsfr23                     sfr23        00000
__Hsfr24                     sfr24        00000
__Hsfr25                     sfr25        00000
__Hsfr26                     sfr26        00000
__Hsfr27                     sfr27        00000
__Hsfr28                     sfr28        00000
__Hsfr29                     sfr29        00000
__Hsfr3                      sfr3         00000
__Hsfr30                     sfr30        00000
__Hsfr31                     sfr31        00000
__Hsfr4                      sfr4         00000
__Hsfr5                      sfr5         00000
__Hsfr6                      sfr6         00000
__Hsfr7                      sfr7         00000
__Hsfr8                      sfr8         00000
__Hsfr9                      sfr9         00000
__Hspace_0                   (abs)        08009
__Hspace_1                   (abs)        00079
__Hspace_2                   (abs)        00000
__Hspace_3                   (abs)        00000
__Hstack                     stack        00000
__Hstrings                   strings      00000
__Htext                      text         00000
__Labs1                      abs1         00000
__Lbank0                     bank0        00000
__Lbank1                     bank1        00000
__Lbank10                    bank10       00000
__Lbank11                    bank11       00000
__Lbank12                    bank12       00000
__Lbank13                    bank13       00000
__Lbank14                    bank14       00000
__Lbank15                    bank15       00000
__Lbank16                    bank16       00000
__Lbank17                    bank17       00000
__Lbank18                    bank18       00000
__Lbank19                    bank19       00000
__Lbank2                     bank2        00000
__Lbank20                    bank20       00000
__Lbank21                    bank21       00000
__Lbank22                    bank22       00000
__Lbank23                    bank23       00000
__Lbank24                    bank24       00000
__Lbank25                    bank25       00000
__Lbank26                    bank26       00000
__Lbank27                    bank27       00000
__Lbank28                    bank28       00000
__Lbank29                    bank29       00000
__Lbank3                     bank3        00000
__Lbank30                    bank30       00000
__Lbank31                    bank31       00000
__Lbank4                     bank4        00000
__Lbank5                     bank5        00000
__Lbank6                     bank6        00000
__Lbank7                     bank7        00000
__Lbank8                     bank8        00000
__Lbank9                     bank9        00000
__Lbigram                    bigram       00000
__LbssBANK0                  bssBANK0     00000
__Lcinit                     cinit        000B2
__Lclrtext                   clrtext      00000
__Lcode                      code         00000
__Lcommon                    common       00000
__Lconfig                    config       08007
__LcstackBANK0               cstackBANK0  00000
__LcstackCOMMON              cstackCOMMON 00000
__Leeprom_data               eeprom_data  00000
__Lend_init                  end_init     000B1
__Lfunctab                   functab      00000
__Lidloc                     idloc        00000
__Linit                      init         000B1
__Lintentry                  intentry     00004
__Lmaintext                  maintext     00000
__LnvBANK0                   nvBANK0      00000
__Lpowerup                   powerup      00000
__Lram                       ram          00000
__Lreset_vec                 reset_vec    00000
__Lsfr0                      sfr0         00000
__Lsfr1                      sfr1         00000
__Lsfr10                     sfr10        00000
__Lsfr11                     sfr11        00000
__Lsfr12                     sfr12        00000
__Lsfr13                     sfr13        00000
__Lsfr14                     sfr14        00000
__Lsfr15                     sfr15        00000
__Lsfr16                     sfr16        00000
__Lsfr17                     sfr17        00000
__Lsfr18                     sfr18        00000
__Lsfr19                     sfr19        00000
__Lsfr2                      sfr2         00000
__Lsfr20                     sfr20        00000
__Lsfr21                     sfr21        00000
__Lsfr22                     sfr22        00000
__Lsfr23                     sfr23        00000
__Lsfr24                     sfr24        00000
__Lsfr25                     sfr25        00000
__Lsfr26                     sfr26        00000
__Lsfr27                     sfr27        00000
__Lsfr28                     sfr28        00000
__Lsfr29                     sfr29        00000
__Lsfr3                      sfr3         00000
__Lsfr30                     sfr30        00000
__Lsfr31                     sfr31        00000
__Lsfr4                      sfr4         00000
__Lsfr5                      sfr5         00000
__Lsfr6                      sfr6         00000
__Lsfr7                      sfr7         00000
__Lsfr8                      sfr8         00000
__Lsfr9                      sfr9         00000
__Lspace_0                   (abs)        00000
__Lspace_1                   (abs)        00000
__Lspace_2                   (abs)        00000
__Lspace_3                   (abs)        00000
__Lstack                     stack        00000
__Lstrings                   strings      00000
__Ltext                      text         00000
__S0                         (abs)        08009
__S1                         (abs)        00079
__S2                         (abs)        00000
___int_sp                    stack        00000
___latbits                   (abs)        00000
___lldiv                     text12       000BC
___lldiv@counter             cstackBANK0  0002D
___lldiv@dividend            cstackBANK0  00024
___lldiv@divisor             cstackBANK0  00020
___lldiv@quotient            cstackBANK0  00029
___sp                        stack        00000
__end_of_Check_ADC           text3        00147
__end_of_I2C_Master_Init     text11       00234
__end_of_I2C_Master_Start    text8        002F1
__end_of_I2C_Master_Stop     text7        002ED
__end_of_I2C_Master_Wait     text9        002DB
__end_of_I2C_Master_Write    text6        002D3
__end_of_ISR                 intentry     000B1
__end_of_LM_Init             text2        0029B
__end_of_LM_Write            text5        002C1
__end_of_PIC_Init            text1        002B5
__end_of_Read_ADC            text10       00259
__end_of_Set_Volume          text4        001D8
__end_of_Volume_Down         text21       001A9
__end_of_Volume_Up           text20       00179
__end_of___lldiv             text12       0010F
__end_of__initialization     cinit        000B9
__end_of_main                maintext     0027B
__end_ofi1_I2C_Master_Start  text18       002F9
__end_ofi1_I2C_Master_Stop   text17       002F5
__end_ofi1_I2C_Master_Wait   text19       002E3
__end_ofi1_I2C_Master_Write  text16       002E9
__end_ofi1_LM_Write          text15       002CB
__end_ofi1_Set_Volume        text14       00207
__initialization             cinit        000B2
__pbssBANK0                  bssBANK0     00037
__pcstackBANK0               cstackBANK0  00020
__pcstackCOMMON              cstackCOMMON 00070
__pintentry                  intentry     00004
__pmaintext                  maintext     00259
__pnvBANK0                   nvBANK0      0003E
__ptext1                     text1        0029B
__ptext10                    text10       00234
__ptext11                    text11       00207
__ptext12                    text12       000BC
__ptext14                    text14       001D8
__ptext15                    text15       002C1
__ptext16                    text16       002E3
__ptext17                    text17       002F1
__ptext18                    text18       002F5
__ptext19                    text19       002DB
__ptext2                     text2        0027B
__ptext20                    text20       00147
__ptext21                    text21       00179
__ptext3                     text3        0010F
__ptext4                     text4        001A9
__ptext5                     text5        002B5
__ptext6                     text6        002CB
__ptext7                     text7        002E9
__ptext8                     text8        002ED
__ptext9                     text9        002D3
__size_of_Check_ADC          (abs)        00000
__size_of_I2C_Master_Init    (abs)        00000
__size_of_I2C_Master_Start   (abs)        00000
__size_of_I2C_Master_Stop    (abs)        00000
__size_of_I2C_Master_Wait    (abs)        00000
__size_of_I2C_Master_Write   (abs)        00000
__size_of_ISR                (abs)        00000
__size_of_LM_Init            (abs)        00000
__size_of_LM_Write           (abs)        00000
__size_of_PIC_Init           (abs)        00000
__size_of_Read_ADC           (abs)        00000
__size_of_Set_Volume         (abs)        00000
__size_of_Volume_Down        (abs)        00000
__size_of_Volume_Up          (abs)        00000
__size_of___lldiv            (abs)        00000
__size_of_main               (abs)        00000
__size_ofi1_I2C_Master_Start (abs)        00000
__size_ofi1_I2C_Master_Stop  (abs)        00000
__size_ofi1_I2C_Master_Wait  (abs)        00000
__size_ofi1_I2C_Master_Write (abs)        00000
__size_ofi1_LM_Write         (abs)        00000
__size_ofi1_Set_Volume       (abs)        00000
_main                        maintext     00259
_mode                        nvBANK0      0003E
_nWPUEN                      (abs)        004AF
_vol                         bssBANK0     0003B
btemp                        (abs)        0007E
end_of_initialization        cinit        000B9
i1I2C_Master_Write@data      cstackCOMMON 00070
i1LM_Write@data              cstackCOMMON 00071
i1LM_Write@reg               cstackCOMMON 00072
i1_I2C_Master_Start          text18       002F5
i1_I2C_Master_Stop           text17       002F1
i1_I2C_Master_Wait           text19       002DB
i1_I2C_Master_Write          text16       002E3
i1_LM_Write                  text15       002C1
i1_Set_Volume                text14       001D8
int$flags                    (abs)        0007E
intlevel0                    functab      00000
intlevel1                    functab      00000
intlevel2                    functab      00000
intlevel3                    functab      00000
intlevel4                    functab      00000
intlevel5                    functab      00000
reset_vec                    reset_vec    00000
stackhi                      (abs)        0206F
stacklo                      (abs)        0201F
start                        init         000B1
start_initialization         cinit        000B2
wtemp0                       (abs)        0007E


FUNCTION INFORMATION:

 *************** function _main *****************
 Defined at:
		line 316 in file "main.c"
 Parameters:    Size  Location     Type
		None
 Auto vars:     Size  Location     Type
		None
 Return value:  Size  Location     Type
                  1    wreg      void 
 Registers used:
		wreg, status,2, status,0, pclath, cstack
 Tracked objects:
		On entry : 
		On exit  : 
		Unchanged: 
 Data sizes:     COMMON   BANK0   BANK1
      Params:         0       0       0
      Locals:         0       0       0
      Temps:          0       1       0
      Totals:         0       1       0
Total ram usage:        1 bytes
 Hardware stack levels required when called:   11
 This function calls:
		_Check_ADC
		_I2C_Master_Init
		_LM_Init
		_PIC_Init
 This function is called by:
		Startup code after reset
 This function uses a non-reentrant model


 *************** function _PIC_Init *****************
 Defined at:
		line 33 in file "main.c"
 Parameters:    Size  Location     Type
		None
 Auto vars:     Size  Location     Type
		None
 Return value:  Size  Location     Type
                  1    wreg      void 
 Registers used:
		wreg, status,2
 Tracked objects:
		On entry : 
		On exit  : 
		Unchanged: 
 Data sizes:     COMMON   BANK0   BANK1
      Params:         0       0       0
      Locals:         0       0       0
      Temps:          0       0       0
      Totals:         0       0       0
Total ram usage:        0 bytes
 Hardware stack levels used:    1
 Hardware stack levels required when called:    5
 This function calls:
		Nothing
 This function is called by:
		_main
 This function uses a non-reentrant model


 *************** function _LM_Init *****************
 Defined at:
		line 156 in file "main.c"
 Parameters:    Size  Location     Type
		None
 Auto vars:     Size  Location     Type
		None
 Return value:  Size  Location     Type
                  1    wreg      void 
 Registers used:
		wreg, status,2, status,0, pclath, cstack
 Tracked objects:
		On entry : 
		On exit  : 
		Unchanged: 
 Data sizes:     COMMON   BANK0   BANK1
      Params:         0       0       0
      Locals:         0       0       0
      Temps:          0       1       0
      Totals:         0       1       0
Total ram usage:        1 bytes
 Hardware stack levels used:    1
 Hardware stack levels required when called:   10
 This function calls:
		_Check_ADC
		_LM_Write
		_Set_Volume
 This function is called by:
		_main
 This function uses a non-reentrant model


 *************** function _Check_ADC *****************
 Defined at:
		line 136 in file "main.c"
 Parameters:    Size  Location     Type
		None
 Auto vars:     Size  Location     Type
  ADC_val         2    8[BANK0 ] unsigned int 
 Return value:  Size  Location     Type
                  1    wreg      void 
 Registers used:
		wreg, status,2, status,0, pclath, cstack
 Tracked objects:
		On entry : 
		On exit  : 
		Unchanged: 
 Data sizes:     COMMON   BANK0   BANK1
      Params:         0       0       0
      Locals:         0       2       0
      Temps:          0       2       0
      Totals:         0       4       0
Total ram usage:        4 bytes
 Hardware stack levels used:    1
 Hardware stack levels required when called:    9
 This function calls:
		_Read_ADC
		_Set_Volume
 This function is called by:
		_LM_Init
		_main
 This function uses a non-reentrant model


 *************** function _Set_Volume *****************
 Defined at:
		line 86 in file "main.c"
 Parameters:    Size  Location     Type
		None
 Auto vars:     Size  Location     Type
		None
 Return value:  Size  Location     Type
                  1    wreg      void 
 Registers used:
		wreg, status,2, status,0, pclath, cstack
 Tracked objects:
		On entry : 
		On exit  : 
		Unchanged: 
 Data sizes:     COMMON   BANK0   BANK1
      Params:         0       0       0
      Locals:         0       0       0
      Temps:          0       1       0
      Totals:         0       1       0
Total ram usage:        1 bytes
 Hardware stack levels used:    1
 Hardware stack levels required when called:    8
 This function calls:
		_LM_Write
 This function is called by:
		_Check_ADC
		_LM_Init
 This function uses a non-reentrant model


 *************** function _LM_Write *****************
 Defined at:
		line 78 in file "main.c"
 Parameters:    Size  Location     Type
  reg             1    wreg     unsigned char 
  data            1    1[BANK0 ] unsigned char 
 Auto vars:     Size  Location     Type
  reg             1    2[BANK0 ] unsigned char 
 Return value:  Size  Location     Type
                  1    wreg      void 
 Registers used:
		wreg, status,2, status,0, pclath, cstack
 Tracked objects:
		On entry : 
		On exit  : 
		Unchanged: 
 Data sizes:     COMMON   BANK0   BANK1
      Params:         0       1       0
      Locals:         0       1       0
      Temps:          0       0       0
      Totals:         0       2       0
Total ram usage:        2 bytes
 Hardware stack levels used:    1
 Hardware stack levels required when called:    7
 This function calls:
		_I2C_Master_Start
		_I2C_Master_Stop
		_I2C_Master_Write
 This function is called by:
		_Set_Volume
		_LM_Init
 This function uses a non-reentrant model


 *************** function _I2C_Master_Write *****************
 Defined at:
		line 42 in file "I2C.c"
 Parameters:    Size  Location     Type
  data            1    wreg     unsigned char 
 Auto vars:     Size  Location     Type
  data            1    0[BANK0 ] unsigned char 
 Return value:  Size  Location     Type
                  1    wreg      void 
 Registers used:
		wreg, status,2, status,0, pclath, cstack
 Tracked objects:
		On entry : 
		On exit  : 
		Unchanged: 
 Data sizes:     COMMON   BANK0   BANK1
      Params:         0       0       0
      Locals:         0       1       0
      Temps:          0       0       0
      Totals:         0       1       0
Total ram usage:        1 bytes
 Hardware stack levels used:    1
 Hardware stack levels required when called:    6
 This function calls:
		_I2C_Master_Wait
 This function is called by:
		_LM_Write
 This function uses a non-reentrant model


 *************** function _I2C_Master_Stop *****************
 Defined at:
		line 35 in file "I2C.c"
 Parameters:    Size  Location     Type
		None
 Auto vars:     Size  Location     Type
		None
 Return value:  Size  Location     Type
                  1    wreg      void 
 Registers used:
		wreg, status,2, status,0, pclath, cstack
 Tracked objects:
		On entry : 
		On exit  : 
		Unchanged: 
 Data sizes:     COMMON   BANK0   BANK1
      Params:         0       0       0
      Locals:         0       0       0
      Temps:          0       0       0
      Totals:         0       0       0
Total ram usage:        0 bytes
 Hardware stack levels used:    1
 Hardware stack levels required when called:    6
 This function calls:
		_I2C_Master_Wait
 This function is called by:
		_LM_Write
 This function uses a non-reentrant model


 *************** function _I2C_Master_Start *****************
 Defined at:
		line 22 in file "I2C.c"
 Parameters:    Size  Location     Type
		None
 Auto vars:     Size  Location     Type
		None
 Return value:  Size  Location     Type
                  1    wreg      void 
 Registers used:
		wreg, status,2, status,0, pclath, cstack
 Tracked objects:
		On entry : 
		On exit  : 
		Unchanged: 
 Data sizes:     COMMON   BANK0   BANK1
      Params:         0       0       0
      Locals:         0       0       0
      Temps:          0       0       0
      Totals:         0       0       0
Total ram usage:        0 bytes
 Hardware stack levels used:    1
 Hardware stack levels required when called:    6
 This function calls:
		_I2C_Master_Wait
 This function is called by:
		_LM_Write
 This function uses a non-reentrant model


 *************** function _I2C_Master_Wait *****************
 Defined at:
		line 17 in file "I2C.c"
 Parameters:    Size  Location     Type
		None
 Auto vars:     Size  Location     Type
		None
 Return value:  Size  Location     Type
                  1    wreg      void 
 Registers used:
		wreg, status,2
 Tracked objects:
		On entry : 
		On exit  : 
		Unchanged: 
 Data sizes:     COMMON   BANK0   BANK1
      Params:         0       0       0
      Locals:         0       0       0
      Temps:          0       0       0
      Totals:         0       0       0
Total ram usage:        0 bytes
 Hardware stack levels used:    1
 Hardware stack levels required when called:    5
 This function calls:
		Nothing
 This function is called by:
		_I2C_Master_Start
		_I2C_Master_Stop
		_I2C_Master_Write
		_I2C_Master_Repeated_Start
		_I2C_Master_Read
 This function uses a non-reentrant model


 *************** function _Read_ADC *****************
 Defined at:
		line 63 in file "main.c"
 Parameters:    Size  Location     Type
  channel         1    wreg     unsigned char 
 Auto vars:     Size  Location     Type
  channel         1    5[BANK0 ] unsigned char 
  result          2    3[BANK0 ] unsigned int 
 Return value:  Size  Location     Type
                  2    0[BANK0 ] unsigned int 
 Registers used:
		wreg, status,2, status,0
 Tracked objects:
		On entry : 
		On exit  : 
		Unchanged: 
 Data sizes:     COMMON   BANK0   BANK1
      Params:         0       2       0
      Locals:         0       3       0
      Temps:          0       1       0
      Totals:         0       6       0
Total ram usage:        6 bytes
 Hardware stack levels used:    1
 Hardware stack levels required when called:    5
 This function calls:
		Nothing
 This function is called by:
		_Check_ADC
 This function uses a non-reentrant model


 *************** function _I2C_Master_Init *****************
 Defined at:
		line 10 in file "I2C.c"
 Parameters:    Size  Location     Type
  clk             4   14[BANK0 ] const unsigned long 
 Auto vars:     Size  Location     Type
		None
 Return value:  Size  Location     Type
                  1    wreg      void 
 Registers used:
		wreg, status,2, status,0, pclath, cstack
 Tracked objects:
		On entry : 
		On exit  : 
		Unchanged: 
 Data sizes:     COMMON   BANK0   BANK1
      Params:         0       4       0
      Locals:         0       0       0
      Temps:          0       4       0
      Totals:         0       8       0
Total ram usage:        8 bytes
 Hardware stack levels used:    1
 Hardware stack levels required when called:    6
 This function calls:
		___lldiv
 This function is called by:
		_main
 This function uses a non-reentrant model


 *************** function ___lldiv *****************
 Defined at:
		line 6 in file "C:\Program Files (x86)\Microchip\xc8\v1.42\sources\common\lldiv.c"
 Parameters:    Size  Location     Type
  divisor         4    0[BANK0 ] unsigned long 
  dividend        4    4[BANK0 ] unsigned long 
 Auto vars:     Size  Location     Type
  quotient        4    9[BANK0 ] unsigned long 
  counter         1   13[BANK0 ] unsigned char 
 Return value:  Size  Location     Type
                  4    0[BANK0 ] unsigned long 
 Registers used:
		wreg, status,2, status,0
 Tracked objects:
		On entry : 
		On exit  : 
		Unchanged: 
 Data sizes:     COMMON   BANK0   BANK1
      Params:         0       8       0
      Locals:         0       5       0
      Temps:          0       1       0
      Totals:         0      14       0
Total ram usage:       14 bytes
 Hardware stack levels used:    1
 Hardware stack levels required when called:    5
 This function calls:
		Nothing
 This function is called by:
		_I2C_Master_Init
 This function uses a non-reentrant model


 *************** function _ISR *****************
 Defined at:
		line 178 in file "main.c"
 Parameters:    Size  Location     Type
		None
 Auto vars:     Size  Location     Type
  count           2    7[COMMON] unsigned int 
  count           2    5[COMMON] unsigned int 
 Return value:  Size  Location     Type
                  1    wreg      void 
 Registers used:
		wreg, status,2, status,0, pclath, cstack
 Tracked objects:
		On entry : 
		On exit  : 
		Unchanged: 
 Data sizes:     COMMON   BANK0   BANK1
      Params:         0       0       0
      Locals:         4       0       0
      Temps:          1       0       0
      Totals:         5       0       0
Total ram usage:        5 bytes
 Hardware stack levels used:    1
 Hardware stack levels required when called:    4
 This function calls:
		_Volume_Down
		_Volume_Up
		i1_Set_Volume
 This function is called by:
		Interrupt level 1
 This function uses a non-reentrant model


 *************** function i1_Set_Volume *****************
 Defined at:
		line 86 in file "main.c"
 Parameters:    Size  Location     Type
		None
 Auto vars:     Size  Location     Type
		None
 Return value:  Size  Location     Type
                  1    wreg      void 
 Registers used:
		wreg, status,2, status,0, pclath, cstack
 Tracked objects:
		On entry : 
		On exit  : 
		Unchanged: 
 Data sizes:     COMMON   BANK0   BANK1
      Params:         0       0       0
      Locals:         0       0       0
      Temps:          1       0       0
      Totals:         1       0       0
Total ram usage:        1 bytes
 Hardware stack levels used:    1
 Hardware stack levels required when called:    3
 This function calls:
		i1_LM_Write
 This function is called by:
		_ISR
 This function uses a non-reentrant model


 *************** function i1_LM_Write *****************
 Defined at:
		line 78 in file "main.c"
 Parameters:    Size  Location     Type
  reg             1    wreg     unsigned char 
  data            1    1[COMMON] unsigned char 
 Auto vars:     Size  Location     Type
  reg             1    2[COMMON] unsigned char 
 Return value:  Size  Location     Type
                  1    wreg      void 
 Registers used:
		wreg, status,2, status,0, pclath, cstack
 Tracked objects:
		On entry : 
		On exit  : 
		Unchanged: 
 Data sizes:     COMMON   BANK0   BANK1
      Params:         1       0       0
      Locals:         1       0       0
      Temps:          0       0       0
      Totals:         2       0       0
Total ram usage:        2 bytes
 Hardware stack levels used:    1
 Hardware stack levels required when called:    2
 This function calls:
		i1_I2C_Master_Start
		i1_I2C_Master_Stop
		i1_I2C_Master_Write
 This function is called by:
		i1_Set_Volume
 This function uses a non-reentrant model


 *************** function i1_I2C_Master_Write *****************
 Defined at:
		line 42 in file "I2C.c"
 Parameters:    Size  Location     Type
  data            1    wreg     unsigned char 
 Auto vars:     Size  Location     Type
  data            1    0[COMMON] unsigned char 
 Return value:  Size  Location     Type
                  1    wreg      void 
 Registers used:
		wreg, status,2, status,0, pclath, cstack
 Tracked objects:
		On entry : 
		On exit  : 
		Unchanged: 
 Data sizes:     COMMON   BANK0   BANK1
      Params:         0       0       0
      Locals:         1       0       0
      Temps:          0       0       0
      Totals:         1       0       0
Total ram usage:        1 bytes
 Hardware stack levels used:    1
 Hardware stack levels required when called:    1
 This function calls:
		i1_I2C_Master_Wait
 This function is called by:
		i1_LM_Write
 This function uses a non-reentrant model


 *************** function i1_I2C_Master_Stop *****************
 Defined at:
		line 35 in file "I2C.c"
 Parameters:    Size  Location     Type
		None
 Auto vars:     Size  Location     Type
		None
 Return value:  Size  Location     Type
                  1    wreg      void 
 Registers used:
		wreg, status,2, status,0, pclath, cstack
 Tracked objects:
		On entry : 
		On exit  : 
		Unchanged: 
 Data sizes:     COMMON   BANK0   BANK1
      Params:         0       0       0
      Locals:         0       0       0
      Temps:          0       0       0
      Totals:         0       0       0
Total ram usage:        0 bytes
 Hardware stack levels used:    1
 Hardware stack levels required when called:    1
 This function calls:
		i1_I2C_Master_Wait
 This function is called by:
		i1_LM_Write
 This function uses a non-reentrant model


 *************** function i1_I2C_Master_Start *****************
 Defined at:
		line 22 in file "I2C.c"
 Parameters:    Size  Location     Type
		None
 Auto vars:     Size  Location     Type
		None
 Return value:  Size  Location     Type
                  1    wreg      void 
 Registers used:
		wreg, status,2, status,0, pclath, cstack
 Tracked objects:
		On entry : 
		On exit  : 
		Unchanged: 
 Data sizes:     COMMON   BANK0   BANK1
      Params:         0       0       0
      Locals:         0       0       0
      Temps:          0       0       0
      Totals:         0       0       0
Total ram usage:        0 bytes
 Hardware stack levels used:    1
 Hardware stack levels required when called:    1
 This function calls:
		i1_I2C_Master_Wait
 This function is called by:
		i1_LM_Write
 This function uses a non-reentrant model


 *************** function i1_I2C_Master_Wait *****************
 Defined at:
		line 17 in file "I2C.c"
 Parameters:    Size  Location     Type
		None
 Auto vars:     Size  Location     Type
		None
 Return value:  Size  Location     Type
                  1    wreg      void 
 Registers used:
		wreg, status,2
 Tracked objects:
		On entry : 
		On exit  : 
		Unchanged: 
 Data sizes:     COMMON   BANK0   BANK1
      Params:         0       0       0
      Locals:         0       0       0
      Temps:          0       0       0
      Totals:         0       0       0
Total ram usage:        0 bytes
 Hardware stack levels used:    1
 This function calls:
		Nothing
 This function is called by:
		i1_I2C_Master_Start
		i1_I2C_Master_Stop
		i1_I2C_Master_Write
 This function uses a non-reentrant model


 *************** function _Volume_Up *****************
 Defined at:
		line 106 in file "main.c"
 Parameters:    Size  Location     Type
		None
 Auto vars:     Size  Location     Type
		None
 Return value:  Size  Location     Type
                  1    wreg      void 
 Registers used:
		wreg, status,2, status,0
 Tracked objects:
		On entry : 
		On exit  : 
		Unchanged: 
 Data sizes:     COMMON   BANK0   BANK1
      Params:         0       0       0
      Locals:         0       0       0
      Temps:          1       0       0
      Totals:         1       0       0
Total ram usage:        1 bytes
 Hardware stack levels used:    1
 This function calls:
		Nothing
 This function is called by:
		_ISR
 This function uses a non-reentrant model


 *************** function _Volume_Down *****************
 Defined at:
		line 121 in file "main.c"
 Parameters:    Size  Location     Type
		None
 Auto vars:     Size  Location     Type
		None
 Return value:  Size  Location     Type
                  1    wreg      void 
 Registers used:
		wreg, status,2, status,0
 Tracked objects:
		On entry : 
		On exit  : 
		Unchanged: 
 Data sizes:     COMMON   BANK0   BANK1
      Params:         0       0       0
      Locals:         0       0       0
      Temps:          1       0       0
      Totals:         1       0       0
Total ram usage:        1 bytes
 Hardware stack levels used:    1
 This function calls:
		Nothing
 This function is called by:
		_ISR
 This function uses a non-reentrant model



MODULE INFORMATION

Module		Function		Class		Link	Load	Size
C:\Program Files (x86)\Microchip\xc8\v1.42\sources\common\lldiv.c
		___lldiv       		CODE           	00BC	0000	84

C:\Program Files (x86)\Microchip\xc8\v1.42\sources\common\lldiv.c estimated size: 84

I2C.c
		_I2C_Master_Wait		CODE           	02D3	0000	9
		_I2C_Master_Init		CODE           	0207	0000	46
		_I2C_Master_Stop		CODE           	02E9	0000	5
		_I2C_Master_Write		CODE           	02CB	0000	9
		_I2C_Master_Start		CODE           	02ED	0000	5

I2C.c estimated size: 74

shared
		i1_I2C_Master_Start		CODE           	02F5	0000	5
		i1_LM_Write    		CODE           	02C1	0000	11
		__initialization		CODE           	00B2	0000	8
		i1_I2C_Master_Wait		CODE           	02DB	0000	9
		i1_I2C_Master_Stop		CODE           	02F1	0000	5
		i1_Set_Volume  		CODE           	01D8	0000	48
		i1_I2C_Master_Write		CODE           	02E3	0000	7

shared estimated size: 93

main.c
		_ISR           		CODE           	0004	0000	174
		_PIC_Init      		CODE           	029B	0000	27
		_main          		CODE           	0259	0000	35
		_Read_ADC      		CODE           	0234	0000	38
		_Set_Volume    		CODE           	01A9	0000	48
		_LM_Write      		CODE           	02B5	0000	13
		_Check_ADC     		CODE           	010F	0000	57
		_LM_Init       		CODE           	027B	0000	33
		_Volume_Up     		CODE           	0147	0000	51
		_Volume_Down   		CODE           	0179	0000	49

main.c estimated size: 525

